// Jest Snapshot v1, https://goo.gl/fbAQLP

exports[`render MessagesList component snapshot test 1`] = `
<DocumentFragment>
  <div
    data-originalcomponent="List"
    test-prop-classname="\\"MessagesList-list-1\\""
  >
    <div />
  </div>
</DocumentFragment>
`;
