// Jest Snapshot v1, https://goo.gl/fbAQLP

exports[`render MessageUser component snapshot test 1`] = `
<DocumentFragment>
  <div
    data-originalcomponent="ListItem"
    test-prop-classname="\\"MessageUser-ListItem-4\\""
  >
    <div
      class="MessageUser-sticky-7"
    >
      <div
        data-originalcomponent="UsersAvatar"
        test-prop-author="\\"\\""
        test-prop-avatar="\\"\\""
      />
    </div>
    <div
      class="MessageUser-textContent-5"
    >
      <div
        data-originalcomponent="ListItemText"
        test-prop-classname="\\"MessageUser-ListItemText-1 MessageUser-sticky-7\\""
        test-prop-primary="<div data-originalcomponent=\\"Typography\\" test-prop-component=\\"&quot;span&quot;\\" test-prop-classname=\\"&quot;MessageUser-ListItemText__author-6&quot;\\" data-reactroot=\\"\\"></div>"
      />
    </div>
  </div>
</DocumentFragment>
`;
