// Jest Snapshot v1, https://goo.gl/fbAQLP

exports[`snapshot-test MessageInput component Renders correct properties 1`] = `
<WithStyles(MessageInput)
  onSendMessage={[MockFunction]}
>
  <MessageInput
    classes={
      Object {
        "Input": "MessageInput-Input-2",
        "InputLabel": "MessageInput-InputLabel-1",
        "textField": "MessageInput-textField-3",
      }
    }
    onSendMessage={[MockFunction]}
  >
    <Component
      InputLabelProps={
        Object {
          "classes": Object {
            "root": "MessageInput-InputLabel-1",
          },
        }
      }
      InputProps={
        Object {
          "classes": Object {
            "input": "MessageInput-Input-2",
          },
        }
      }
      className="MessageInput-textField-3"
      color="primary"
      fullWidth={true}
      label="Write a message..."
      margin="normal"
      multiline={true}
      onChange={[Function]}
      onKeyPress={[Function]}
      rows="2"
      rowsMax="5"
      value=""
      variant="outlined"
    >
      <div
        originalcomponent="TextField"
        testprops={
          Object {
            "InputLabelProps": Object {
              "classes": Object {
                "root": "MessageInput-InputLabel-1",
              },
            },
            "InputProps": Object {
              "classes": Object {
                "input": "MessageInput-Input-2",
              },
            },
            "className": "MessageInput-textField-3",
            "color": "primary",
            "fullWidth": true,
            "label": "Write a message...",
            "margin": "normal",
            "multiline": true,
            "onChange": [Function],
            "onKeyPress": [Function],
            "rows": "2",
            "rowsMax": "5",
            "value": "",
            "variant": "outlined",
          }
        }
      />
    </Component>
  </MessageInput>
</WithStyles(MessageInput)>
`;
